10:30:32 **** Incremental Build of configuration Debug for project 01_Blinker ****
make -j12 all 
arm-none-eabi-gcc "../Src/main.c" -mcpu=cortex-m4 -std=gnu11 -g3 -DSTM32 -DSTM32F4 -DSTM32F407VGTx -DDEBUG -c -I../Inc -O0 -ffunction-sections -fdata-sections -Wall -fstack-usage -MMD -MP -MF"Src/main.d" -MT"Src/main.o" --specs=nano.specs -mfpu=fpv4-sp-d16 -mfloat-abi=hard -mthumb -o "Src/main.o"
../Src/main.c:24:4: warning: #warning "FPU is not initialized, but the project is compiling for an FPU. Please initialize the FPU before use." [-Wcpp]
   #warning "FPU is not initialized, but the project is compiling for an FPU. Please initialize the FPU before use."
    ^~~~~~~
arm-none-eabi-gcc -o "01_Blinker.elf" @"objects.list"   -mcpu=cortex-m4 -T"C:\Users\Philipp\Development\EmbeddedSoftware\01_Blinker\STM32F407VGTX_FLASH.ld" --specs=nosys.specs -Wl,-Map="01_Blinker.map" -Wl,--gc-sections -static --specs=nano.specs -mfpu=fpv4-sp-d16 -mfloat-abi=hard -mthumb -Wl,--start-group -lc -lm -Wl,--end-group
Finished building target: 01_Blinker.elf
 
arm-none-eabi-objdump -h -S  01_Blinker.elf  > "01_Blinker.list"
arm-none-eabi-objcopy  -O binary  01_Blinker.elf  "01_Blinker.bin"
arm-none-eabi-size   01_Blinker.elf 
   text	   data	    bss	    dec	    hex	filename
    676	      8	   1568	   2252	    8cc	01_Blinker.elf
Finished building: default.size.stdout
Finished building: 01_Blinker.list
Finished building: 01_Blinker.bin
 
 
 

10:30:33 Build Finished. 0 errors, 1 warnings. (took 721ms)

